// Jest Snapshot v1, https://goo.gl/fbAQLP

exports[`InputField should render correctly in "debug" mode 1`] = `ShallowWrapper {}`;
