// Jest Snapshot v1, https://goo.gl/fbAQLP

exports[`Navigation should render correctly in "debug" mode 1`] = `ShallowWrapper {}`;
